PASS 待审核不进入正式检索
PASS 人工确认前禁止发布
PASS 主闭环 / 统一数据 / 证据 / 版本
PASS JSON 持久化后保留关联
PASS 拒绝标签后不命中战斗组合
PASS 重复时间冲突不覆盖已有记录
PASS 同名可单独建档，不能自动合并
PASS 不支持 / 未知项目 / 时间冲突被明确拒绝
PASS 撤销恢复正式数据并保留证据和审计
PASS 空查询结果与重置
10 domain tests passed
✔ outputs/mmo-mapping/tests/legacy-v1/model.test.cjs (72.173583ms)
PASS V2基线：两公司三项目八人，仅顾航命中
PASS 阶段与任职一致，每个实体有依据
PASS 待审核隔离
PASS 人审前禁止发布且事务不污染数据
PASS 既有云境经历提案识别为补证据
PASS 新故事发布：2新增1更新1暂缓，人员与主策不重复
PASS 玄霄历史组织与跨公司轨迹同步
PASS 第一条材料不能声明正式组长
PASS 拒绝关系不影响三条任职处理
PASS 拒绝能力标签不自动从职位生成能力
PASS 重复提案只补同源依据，不重复任职或来源
PASS 补充头衔仅对2022—2023有效
PASS 第二条先输入时不盲建历史岗位
PASS 虚线不参与正式汇报链；含专门原文线索
PASS 模糊线索不能转实线；明确补充才可确认
PASS 拒绝虚线保留人物任职并写审计
PASS 同年交接须理由，跨项目兼职仍待核验
PASS 跨经历与同段匹配语义不同
PASS 30天窗口以观察日计算且排除未来
PASS 撤销恢复正式事实但保留证据与日志
PASS 本地序列化后结果一致
PASS V1原始存储不改写；加载V2需显式选择
PASS 未知材料与非法导入有明确错误
23 V2 domain tests passed
✔ outputs/mmo-mapping/tests/model.test.cjs (77.427333ms)
ℹ tests 2
ℹ suites 0
ℹ pass 2
ℹ fail 0
ℹ cancelled 0
ℹ skipped 0
ℹ todo 0
ℹ duration_ms 94.193208
